===================================================================
     		MT7621   stage1 code Oct 28 2018 20:39:32 (ASIC)
     		CPU=500000000 HZ BUS=166666666 HZ
==================================================================
Change MPLL source from XTAL to CR...
do MEMPLL setting..
MEMPLL Config : 0x11100000
3PLL mode + External loopback
=== XTAL-40Mhz === DDR-1200Mhz ===
PLL2 FB_DL: 0x11, 1/0 = 613/411 45000000
PLL3 FB_DL: 0x15, 1/0 = 597/427 55000000
PLL4 FB_DL: 0x1a, 1/0 = 733/291 69000000
do DDR setting..[01F40000]
Apply DDR3 Setting...(use customer AC)
          0    8   16   24   32   40   48   56   64   72   80   88   96  104  112  120
      --------------------------------------------------------------------------------
0000:|    0    0    0    0    0    0    0    0    0    0    0    0    0    0    0    0
0001:|    0    0    0    0    0    0    0    0    0    0    0    0    0    0    0    0
0002:|    0    0    0    0    0    0    0    0    0    0    0    0    0    0    0    0
0003:|    0    0    0    0    0    0    0    0    0    0    0    0    0    0    0    0
0004:|    0    0    0    0    0    0    0    0    0    0    0    0    0    0    0    0
0005:|    0    0    0    0    0    0    0    0    0    0    0    0    0    0    0    0
0006:|    0    0    0    0    0    0    0    0    0    0    0    0    0    0    0    0
0007:|    0    0    0    0    0    0    0    0    0    0    0    0    0    0    0    0
0008:|    0    0    0    0    0    0    0    0    0    0    0    0    0    0    0    0
0009:|    0    0    0    0    0    0    0    0    0    0    0    0    0    0    0    0
000A:|    0    0    0    0    0    0    0    0    0    0    0    0    0    0    0    0
000B:|    0    0    0    0    0    0    0    0    0    0    0    0    0    0    0    0
000C:|    0    0    0    0    0    0    0    0    0    0    0    0    0    0    0    0
000D:|    0    0    0    0    0    0    0    0    0    0    0    0    0    0    1    1
000E:|    0    0    0    0    0    0    0    0    1    1    1    1    1    1    1    1
000F:|    0    0    0    1    1    1    1    1    1    1    1    1    1    0    0    0
0010:|    1    1    1    1    1    1    1    1    0    0    0    0    0    0    0    0
0011:|    1    1    1    0    0    0    0    0    0    0    0    0    0    0    0    0
0012:|    0    0    0    0    0    0    0    0    0    0    0    0    0    0    0    0
0013:|    0    0    0    0    0    0    0    0    0    0    0    0    0    0    0    0
0014:|    0    0    0    0    0    0    0    0    0    0    0    0    0    0    0    0
0015:|    0    0    0    0    0    0    0    0    0    0    0    0    0    0    0    0
0016:|    0    0    0    0    0    0    0    0    0    0    0    0    0    0    0    0
0017:|    0    0    0    0    0    0    0    0    0    0    0    0    0    0    0    0
0018:|    0    0    0    0    0    0    0    0    0    0    0    0    0    0    0    0
0019:|    0    0    0    0    0    0    0    0    0    0    0    0    0    0    0    0
001A:|    0    0    0    0    0    0    0    0    0    0    0    0    0    0    0    0
001B:|    0    0    0    0    0    0    0    0    0    0    0    0    0    0    0    0
001C:|    0    0    0    0    0    0    0    0    0    0    0    0    0    0    0    0
001D:|    0    0    0    0    0    0    0    0    0    0    0    0    0    0    0    0
001E:|    0    0    0    0    0    0    0    0    0    0    0    0    0    0    0    0
001F:|    0    0    0    0    0    0    0    0    0    0    0    0    0    0    0    0
DRAMC_DQSCTL1[0e0]=13000000
DRAMC_DQSGCTL[124]=80000033
rank 0 coarse = 15
rank 0 fine = 64
B:|    0    0    0    0    0    0    0    0    0    1    1    1    0    0    0    0
opt_dle value:10
DRAMC_DDR2CTL[07c]=C287222D
DRAMC_PADCTL4[0e4]=000022B3
DRAMC_DQIDLY1[210]=0B080808
DRAMC_DQIDLY2[214]=05080808
DRAMC_DQIDLY3[218]=0D090808
DRAMC_DQIDLY4[21c]=0B080B0A
DRAMC_R0DELDLY[018]=00001F20
==================================================================
		RX	DQS perbit delay software calibration 
==================================================================
1.0-15 bit dq delay value
==================================================================
bit|     0  1  2  3  4  5  6  7  8  9
--------------------------------------
0 |    7 6 7 9 6 7 6 5 6 7 
10 |    9 11 8 10 7 8 
--------------------------------------

==================================================================
2.dqs window
x=pass dqs delay value (min~max)center 
y=0-7bit DQ of every group
input delay:DQS0 =32 DQS1 = 31
==================================================================
bit	DQS0	 bit      DQS1
0  (0~62)31  8  (1~58)29
1  (1~59)30  9  (1~60)30
2  (2~61)31  10  (1~62)31
3  (1~60)30  11  (1~58)29
4  (1~59)30  12  (1~58)29
5  (1~61)31  13  (1~59)30
6  (1~59)30  14  (1~60)30
7  (2~62)32  15  (1~56)28
==================================================================
3.dq delay value last
==================================================================
bit|    0  1  2  3  4  5  6  7  8   9
--------------------------------------
0 |    8 8 8 11 8 8 8 5 8 8 
10 |    9 13 10 11 8 11 
==================================================================
==================================================================
     TX  perbyte calibration 
==================================================================
DQS loop = 15, cmp_err_1 = ffff0000 
dqs_perbyte_dly.last_dqsdly_pass[0]=15,  finish count=1 
dqs_perbyte_dly.last_dqsdly_pass[1]=15,  finish count=2 
DQ loop=15, cmp_err_1 = ffff0000
dqs_perbyte_dly.last_dqdly_pass[0]=15,  finish count=1 
dqs_perbyte_dly.last_dqdly_pass[1]=15,  finish count=2 
byte:0, (DQS,DQ)=(8,8)
byte:1, (DQS,DQ)=(8,8)
DRAMC_DQODLY1[200]=88888888
DRAMC_DQODLY2[204]=88888888
20,data:88
[EMI] DRAMC calibration passed

===================================================================
     		MT7621   stage1 code done 
     		CPU=500000000 HZ BUS=166666666 HZ
===================================================================


U-Boot 1.1.3 (May  8 2019 - 07:40:27)

Board: Ralink APSoC DRAM:  128 MB
Power on memory test. Memory size= 128 MB...OK!
relocate_code Pointer at: 87fb0000

Config XHCI 40M PLL 
RT2880_RSTSTAT_REG 0xc0030000
***************************
Board power on Occurred
***************************
flash manufacture id: c8, device id 40 18
find flash: GD25Q128C
============================================ 
Ralink UBoot Version: 5.0.0.0
-------------------------------------------- 
ASIC MT7621A DualCore (MAC to MT7530 Mode)
DRAM_CONF_FROM: Auto-Detection 
DRAM_TYPE: DDR3 
DRAM bus: 16 bit
Xtal Mode=3 OCP Ratio=1/3
Flash component: SPI Flash
Date:May  8 2019  Time:07:40:27
============================================ 
icache: sets:256, ways:4, linesz:32 ,total:32768
dcache: sets:256, ways:4, linesz:32 ,total:32768 

 ##### The CPU freq = 880 MHZ #### 
 estimate memory size =128 Mbytes
#Reset_MT7530
set LAN/WAN LLLLW

restore_defaults:0

Please choose the operation: 
   1: Load system code to SDRAM via TFTP. 
   2: Load system code then write to Flash via TFTP. 
   3: Boot system code via Flash (default).
   4: Entr boot command line interface.
   7: Load Boot Loader code then write to Flash via Serial. 
   9: Load Boot Loader code then write to Flash via TFTP. 

   n3: System Boot system code via Flash.
Booting System 1
Erasing SPI Flash...
raspi_erase: offs:30000 len:10000
.
Writing to SPI Flash...
.
done
## Booting image at bc180000 ...
   Image Name:   MIPS OpenWrt Linux-3.10.14
   Image Type:   MIPS Linux Kernel Image (lzma compressed)
   Data Size:    1855724 Bytes =  1.8 MB
   Load Address: 81001000
   Entry Point:  813ecce0
   Verifying Checksum ... OK
   Uncompressing Kernel Image ... OK
Erasing SPI Flash...
raspi_erase: offs:30000 len:10000
.
Writing to SPI Flash...
.
done
commandline uart_en=0 factory_mode=0 mem=128m root=/dev/mtdblock9
No initrd
## Transferring control to Linux (at address 813ecce0) ...
## Giving linux memsize in MB, 128

Starting kernel ...


LINUX started...

 THIS IS ASIC

SDK 5.0.S.0
[    0.000000] Initializing cgroup subsys cpuset
[    0.000000] Initializing cgroup subsys cpu
[    0.000000] Linux version 3.10.14 (jenkins@6d04c3ad9e7e) (gcc version 4.8.5 (crosstool-NG crosstool-ng-1.22.0) ) #1 MiWiFi-R4A-2.28.132 SMP Wed May 8 07:47:46 UTC 2019
[    0.000000] 
[    0.000000]  The CPU feqenuce set to 880 MHz
[    0.000000] GCMP present
[    0.000000] CPU0 revision is: 0001992f (MIPS 1004Kc)
[    0.000000] Software DMA cache coherency
[    0.000000] Determined physical RAM map:
[    0.000000]  memory: 08000000 @ 00000000 (usable)
[    0.000000] User-defined physical RAM map:
[    0.000000]  memory: 08000000 @ 00000000 (usable)
[    0.000000] Initrd not found or empty - disabling initrd
[    0.000000] Zone ranges:
[    0.000000]   DMA      [mem 0x00000000-0x00ffffff]
[    0.000000]   Normal   [mem 0x01000000-0x07ffffff]
[    0.000000] Movable zone start for each node
[    0.000000] Early memory node ranges
[    0.000000]   node   0: [mem 0x00000000-0x07ffffff]
[    0.000000] Detected 3 available secondary CPU(s)
[    0.000000] Primary instruction cache 32kB, 4-way, VIPT, linesize 32 bytes.
[    0.000000] Primary data cache 32kB, 4-way, PIPT, no aliases, linesize 32 bytes
[    0.000000] MIPS secondary cache 256kB, 8-way, linesize 32 bytes.
[    0.000000] PERCPU: Embedded 7 pages/cpu @8167e000 s6912 r8192 d13568 u32768
[    0.000000] Built 1 zonelists in Zone order, mobility grouping on.  Total pages: 32512
[    0.000000] Kernel command line: console=ttyS1,115200n8 uart_en=0 factory_mode=0 mem=128m root=/dev/mtdblock9
[    0.000000] drivers/mtd/mtdpart.c mtd_init_bootos 1085
[    0.000000] PID hash table entries: 512 (order: -1, 2048 bytes)
[    0.000000] Dentry cache hash table entries: 16384 (order: 4, 65536 bytes)
[    0.000000] Inode-cache hash table entries: 8192 (order: 3, 32768 bytes)
[    0.000000] Writing ErrCtl register=00040508
[    0.000000] Readback ErrCtl register=00040508
[    0.000000] allocated 262144 bytes of page_cgroup
[    0.000000] please try 'cgroup_disable=memory' option if you don't want memory cgroups
[    0.000000] Memory: 123944k/131072k available (4062k kernel code, 7128k reserved, 1044k data, 264k init, 0k highmem)
[    0.000000] SLUB: HWalign=64, Order=0-3, MinObjects=0, CPUs=4, Nodes=1
[    0.000000] Hierarchical RCU implementation.
[    0.000000] NR_IRQS:128
[    0.000000] console [ttyS1] enabled
[    0.150000] Calibrating delay loop... 577.53 BogoMIPS (lpj=2887680)
[    0.210000] pid_max: default: 32768 minimum: 301
[    0.210000] Mount-cache hash table entries: 512
[    0.220000] Initializing cgroup subsys memory
[    0.220000] launch: starting cpu1
[    0.230000] launch: cpu1 gone!
[    0.230000] CPU1 revision is: 0001992f (MIPS 1004Kc)
[    0.230000] Primary instruction cache 32kB, 4-way, VIPT, linesize 32 bytes.
[    0.230000] Primary data cache 32kB, 4-way, PIPT, no aliases, linesize 32 bytes
[    0.230000] MIPS secondary cache 256kB, 8-way, linesize 32 bytes.
[    0.290000] Synchronize counters for CPU 1: done.
[    0.300000] launch: starting cpu2
[    0.300000] launch: cpu2 gone!
[    0.300000] CPU2 revision is: 0001992f (MIPS 1004Kc)
[    0.300000] Primary instruction cache 32kB, 4-way, VIPT, linesize 32 bytes.
[    0.300000] Primary data cache 32kB, 4-way, PIPT, no aliases, linesize 32 bytes
[    0.300000] MIPS secondary cache 256kB, 8-way, linesize 32 bytes.
[    0.360000] Synchronize counters for CPU 2: done.
[    0.370000] launch: starting cpu3
[    0.370000] launch: cpu3 gone!
[    0.370000] CPU3 revision is: 0001992f (MIPS 1004Kc)
[    0.370000] Primary instruction cache 32kB, 4-way, VIPT, linesize 32 bytes.
[    0.370000] Primary data cache 32kB, 4-way, PIPT, no aliases, linesize 32 bytes
[    0.370000] MIPS secondary cache 256kB, 8-way, linesize 32 bytes.
[    0.430000] Synchronize counters for CPU 3: done.
[    0.440000] Brought up 4 CPUs
[    0.440000] devtmpfs: initialized
[    0.440000] NET: Registered protocol family 16
[    0.750000] release PCIe RST: RALINK_RSTCTRL = 7000000
[    0.750000] PCIE PHY initialize
[    0.750000] ***** Xtal 40MHz *****
[    0.760000] start MT7621 PCIe register access
[    1.350000] RALINK_RSTCTRL = 7000000
[    1.360000] RALINK_CLKCFG1 = 73ffeff8
[    1.360000] 
[    1.360000] *************** MT7621 PCIe RC mode *************
[    1.860000] pcie_link status = 0x3
[    1.860000] RALINK_RSTCTRL= 7000000
[    1.870000] *** Configure Device number setting of Virtual PCI-PCI bridge ***
[    1.870000] RALINK_PCI_PCICFG_ADDR = 21007f2 -> 21007f2
[    1.880000] PCIE0 enabled
[    1.880000] PCIE1 enabled
[    1.880000] interrupt enable status: 300000
[    1.890000] Port 1 N_FTS = 1b105000
[    1.890000] Port 0 N_FTS = 1b105000
[    1.900000] config reg done
[    1.900000] init_rt2880pci done
[    1.920000] bio: create slab <bio-0> at 0
[    1.930000] SCSI subsystem initialized
[    1.930000] PCI host bridge to bus 0000:00
[    1.940000] pci_bus 0000:00: root bus resource [mem 0x60000000-0x6fffffff]
[    1.940000] pci_bus 0000:00: root bus resource [io  0x1e160000-0x1e16ffff]
[    1.950000] pci_bus 0000:00: No busn resource found for root bus, will use [bus 00-ff]
[    1.960000] pci 0000:00:00.0: bridge configuration invalid ([bus 00-00]), reconfiguring
[    1.970000] pci 0000:00:01.0: bridge configuration invalid ([bus 00-00]), reconfiguring
[    1.980000] pci 0000:00:00.0: BAR 0: can't assign mem (size 0x80000000)
[    1.980000] pci 0000:00:01.0: BAR 0: can't assign mem (size 0x80000000)
[    1.990000] pci 0000:00:00.0: BAR 8: assigned [mem 0x60000000-0x600fffff]
[    2.000000] pci 0000:00:00.0: BAR 9: assigned [mem 0x60100000-0x601fffff pref]
[    2.000000] pci 0000:00:01.0: BAR 8: assigned [mem 0x60200000-0x602fffff]
[    2.010000] pci 0000:00:00.0: BAR 1: assigned [mem 0x60300000-0x6030ffff]
[    2.020000] pci 0000:00:01.0: BAR 1: assigned [mem 0x60310000-0x6031ffff]
[    2.020000] pci 0000:01:00.0: BAR 0: assigned [mem 0x60000000-0x600fffff 64bit]
[    2.030000] pci 0000:01:00.0: BAR 6: assigned [mem 0x60100000-0x6010ffff pref]
[    2.040000] pci 0000:00:00.0: PCI bridge to [bus 01]
[    2.040000] pci 0000:00:00.0:   bridge window [mem 0x60000000-0x600fffff]
[    2.050000] pci 0000:00:00.0:   bridge window [mem 0x60100000-0x601fffff pref]
[    2.060000] pci 0000:02:00.0: BAR 0: assigned [mem 0x60200000-0x602fffff]
[    2.060000] pci 0000:00:01.0: PCI bridge to [bus 02]
[    2.070000] pci 0000:00:01.0:   bridge window [mem 0x60200000-0x602fffff]
[    2.080000] PCI: Enabling device 0000:00:00.0 (0004 -> 0006)
[    2.080000] PCI: Enabling device 0000:00:01.0 (0004 -> 0006)
[    2.090000] BAR0 at slot 0 = 0
[    2.090000] bus=0x0, slot = 0x0
[    2.090000] res[0]->start = 0
[    2.100000] res[0]->end = 0
[    2.100000] res[1]->start = 60300000
[    2.100000] res[1]->end = 6030ffff
[    2.110000] res[2]->start = 0
[    2.110000] res[2]->end = 0
[    2.110000] res[3]->start = 0
[    2.110000] res[3]->end = 0
[    2.120000] res[4]->start = 0
[    2.120000] res[4]->end = 0
[    2.120000] res[5]->start = 0
[    2.130000] res[5]->end = 0
[    2.130000] BAR0 at slot 1 = 0
[    2.130000] bus=0x0, slot = 0x1
[    2.130000] res[0]->start = 0
[    2.140000] res[0]->end = 0
[    2.140000] res[1]->start = 60310000
[    2.140000] res[1]->end = 6031ffff
[    2.150000] res[2]->start = 0
[    2.150000] res[2]->end = 0
[    2.150000] res[3]->start = 0
[    2.160000] res[3]->end = 0
[    2.160000] res[4]->start = 0
[    2.160000] res[4]->end = 0
[    2.160000] res[5]->start = 0
[    2.170000] res[5]->end = 0
[    2.170000] bus=0x1, slot = 0x0, irq=0x4
[    2.170000] res[0]->start = 60000000
[    2.180000] res[0]->end = 600fffff
[    2.180000] res[1]->start = 0
[    2.180000] res[1]->end = 0
[    2.190000] res[2]->start = 0
[    2.190000] res[2]->end = 0
[    2.190000] res[3]->start = 0
[    2.200000] res[3]->end = 0
[    2.200000] res[4]->start = 0
[    2.200000] res[4]->end = 0
[    2.200000] res[5]->start = 0
[    2.210000] res[5]->end = 0
[    2.210000] bus=0x2, slot = 0x1, irq=0x18
[    2.210000] res[0]->start = 60200000
[    2.220000] res[0]->end = 602fffff
[    2.220000] res[1]->start = 0
[    2.220000] res[1]->end = 0
[    2.230000] res[2]->start = 0
[    2.230000] res[2]->end = 0
[    2.230000] res[3]->start = 0
[    2.230000] res[3]->end = 0
[    2.240000] res[4]->start = 0
[    2.240000] res[4]->end = 0
[    2.240000] res[5]->start = 0
[    2.250000] res[5]->end = 0
[    2.250000] Switching to clocksource MIPS
[    2.250000] cfg80211: Calling CRDA to update world regulatory domain
[    2.260000] NET: Registered protocol family 2
[    2.260000] TCP established hash table entries: 1024 (order: 1, 8192 bytes)
[    2.260000] TCP bind hash table entries: 1024 (order: 1, 8192 bytes)
[    2.260000] TCP: Hash tables configured (established 1024 bind 1024)
[    2.260000] TCP: reno registered
[    2.260000] UDP hash table entries: 256 (order: 1, 8192 bytes)
[    2.260000] UDP-Lite hash table entries: 256 (order: 1, 8192 bytes)
[    2.260000] NET: Registered protocol family 1
[    2.270000] squashfs: version 4.0 (2009/01/31) Phillip Lougher
[    2.270000] jffs2: version 2.2. (NAND) (SUMMARY)  (CMODE_PRIORITY) (c) 2001-2006 Red Hat, Inc.
[    2.270000] msgmni has been set to 242
[    2.270000] Block layer SCSI generic (bsg) driver version 0.4 loaded (major 253)
[    2.270000] io scheduler noop registered (default)
[    2.270000] MIWIFI panic notifier registeredreg_int_mask=0, INT_MASK= 0 
[    2.270000] HSDMA_init
[    2.270000] 
[    2.270000]  hsdma_phy_tx_ring0 = 0x00c00000, hsdma_tx_ring0 = 0xa0c00000
[    2.270000] 
[    2.270000]  hsdma_phy_rx_ring0 = 0x00c04000, hsdma_rx_ring0 = 0xa0c04000
[    2.270000] TX_CTX_IDX0 = 0
[    2.270000] TX_DTX_IDX0 = 0
[    2.270000] RX_CRX_IDX0 = 3ff
[    2.270000] RX_DRX_IDX0 = 0
[    2.270000] set_fe_HSDMA_glo_cfg
[    2.270000] HSDMA_GLO_CFG = 465
[    2.270000] Serial: 8250/16550 driver, 2 ports, IRQ sharing disabled
[    2.270000] serial8250: ttyS0 at MMIO 0x1e000d00 (irq = 27) is a 16550A
[    2.270000] serial8250: ttyS1 at MMIO 0x1e000c00 (irq = 26) is a 16550A
[    2.280000] led=10, on=4000, off=1, blinks,=1, reset=1, time=4000
[    2.280000] Ralink gpio driver initialized
[    2.280000] brd: module loaded
[    2.280000] flash manufacture id: c8, device id 40 18
[    2.280000] GD25Q128C(c8 40180000) (16384 Kbytes)
[    2.280000] mtd .name = raspi, .size = 0x01000000 (16M) .erasesize = 0x00010000 (64K) .numeraseregions = 0
[    2.280000] Creating 9 MTD partitions on "raspi":
[    2.280000] 0x000000000000-0x000001000000 : "ALL"
[    2.280000] 0x000000000000-0x000000030000 : "Bootloader"
[    2.280000] 0x000000030000-0x000000040000 : "Config"
[    2.280000] 0x000000040000-0x000000050000 : "Bdata"
[    2.280000] 0x000000050000-0x000000060000 : "Factory"
[    2.290000] 0x000000060000-0x000000070000 : "crash"
[    2.290000] 0x000000070000-0x000000080000 : "cfg_bak"
[    2.290000] 0x000000080000-0x000000180000 : "overlay"
[    2.290000] 0x000000180000-0x000001000000 : "OS1"
[    2.290000] mtd: try split OS1 partition
[    2.290000] mtd: split_firmware
[    2.290000] mtd: firmware_partition->size   0xe80000
[    2.290000] mtd: firmware_partition->offset 0x180000
[    2.290000] mtd: uimage_len 1855788
[    2.290000] mtd: uimage_len 1900544
[    2.290000] mtd: rootfs_partition->size   0xcb0000
[    2.290000] mtd: rootfs_partition->offset 0x350000
[    2.290000] mtd: partition "rootfs" created automatically, ofs=350000, len=CB0000 
[    2.290000] 0x000000350000-0x000001000000 : "rootfs"
[    2.300000] PPP generic driver version 2.4.2
[    2.300000] PPP BSD Compression module registered
[    2.300000] PPP Deflate Compression module registered
[    2.300000] PPP MPPE Compression module registered
[    2.300000] NET: Registered protocol family 24
[    2.300000] PPTP driver version 0.8.5
[    2.300000] ps: can't get major 253
[    2.300000] GMAC1_MAC_ADRH -- : 0x000050d2
[    2.300000] GMAC1_MAC_ADRL -- : 0xf520c80a
[    2.300000] Ralink APSoC Ethernet Driver Initilization. v3.1  1024 rx/tx descriptors allocated, mtu = 1500!
[    2.300000] GMAC1_MAC_ADRH -- : 0x000050d2
[    2.300000] GMAC1_MAC_ADRL -- : 0xf520c80a
[    2.300000] PROC INIT OK!
[    2.300000] softdog: Software Watchdog Timer: 0.08 initialized. soft_noboot=0 soft_margin=60 sec soft_panic=0 (nowayout=0)
[    2.300000] Netfilter messages via NETLINK v0.30.
[    2.300000] nfnl_acct: registering with nfnetlink.
[    2.300000] nf_conntrack version 0.5.0 (1936 buckets, 7744 max)
[    2.300000] ipip: IPv4 over IPv4 tunneling driver
[    2.300000] gre: GRE over IPv4 demultiplexor driver
[    2.300000] ip_tables: (C) 2000-2006 Netfilter Core Team
[    2.300000] Type=Restricted Cone
[    2.300000] TCP: cubic registered
[    2.300000] NET: Registered protocol family 10
[    2.300000] NET: Registered protocol family 17
[    2.300000] l2tp_core: L2TP core driver, V2.0
[    2.300000] l2tp_ppp: PPPoL2TP kernel driver, V2.0
[    2.300000] l2tp_netlink: L2TP netlink interface
[    2.300000] 8021q: 802.1Q VLAN Support v1.8
[    2.310000] find mtd name error reserved0
[    2.310000] Failed to lock mtd reserved0
[    2.310000] miqef:  usr otp read not available
[    2.310000] miqef: mtd otp probe fail
[    2.670000] csd: CSD deadlock debugging initiated!
[    2.680000] VFS: Mounted root (squashfs filesystem) readonly on device 31:9.
[    2.680000] Freeing unused kernel memory: 264K (814fe000 - 81540000)
config core 'version'
	# ROM ver
	option ROM '2.28.132'
	# channel
	option CHANNEL 'release'
	# hardware platform R1AC or R1N etc.
	option HARDWARE 'R4A'
	# CFE ver
	option UBOOT '1.0.2'
	# Linux Kernel ver
	option LINUX '0.0.1'
	# RAMFS ver
	option RAMFS '0.0.1'
	# SQUASHFS ver
	option SQAFS '0.0.1'
	# ROOTFS ver
	option ROOTFS '0.0.1'
	#build time
	option BUILDTIME 'Wed, 08 May 2019 07:39:09 +0000'
	#build timestamp
	option BUILDTS '1557301149'
	#build git tag
	option GTAG 'commit 4a0ee0932fbf9b6555ec1a170de7763693d4135e'
[    3.930000] 50:FFFFFFD2:FFFFFFF5:20:FFFFFFC8: A
[    3.930000] Raeth v3.1 (Tasklet,SkbRecycle)
[    3.940000] set CLK_CFG_0 = 0x40a00020!!!!!!!!!!!!!!!!!!1
[    3.950000] phy_free_head is 0xc08000!!!
[    3.950000] phy_free_tail_phy is 0xc09ff0!!!
[    3.950000] txd_pool=a0c10000 phy_txd_pool=00C10000
[    3.960000] ei_local->skb_free start address is 0x874026dc.
[    3.970000] free_txd: 00c10010, ei_local->cpu_ptr: 00C10000
[    3.970000]  POOL  HEAD_PTR | DMA_PTR | CPU_PTR 
[    3.980000] ----------------+---------+--------
[    3.980000]      0xa0c10000 0x00C10000 0x00C10000
[    3.980000] 
[    3.980000] phy_qrx_ring = 0x00c0a000, qrx_ring = 0xa0c0a000
[    3.990000] 
[    3.990000] phy_rx_ring0 = 0x00c0c000, rx_ring0 = 0xa0c0c000
[    4.020000] MT7530 Reset Completed!!
[    4.030000] change HW-TRAP to 0x17c8f
[    4.040000] set LAN/WAN LLLLW
[    4.040000] GMAC1_MAC_ADRH -- : 0x000050d2
[    4.050000] GMAC1_MAC_ADRL -- : 0xf520c80a
[    4.050000] GDMA2_MAC_ADRH -- : 0x000050d2
[    4.060000] GDMA2_MAC_ADRL -- : 0xf520c80b
[    4.060000] eth1: ===> VirtualIF_open
[    4.070000] MT7621 GE2 link rate to 1G
[    4.070000] CDMA_CSG_CFG = 81000000
[    4.070000] GDMA1_FWD_CFG = 20710000
[    4.080000] GDMA2_FWD_CFG = 20710000
- preinit -
Wed May  8 07:47:46 UTC 2019
- regular preinit -
/lib/preinit.sh: line 1: pi_indicate_led: not found
[    4.320000] jffs2: notice: (482) jffs2_build_xattr_subsystem: complete building xattr subsystem, 0 of xdatum (0 unchecked, 0 orphan) and 0 of xref (0 dead, 0 orphan) found.
jffs2 not ready yet; using ramdisk
-----------------------------do_data_mount_fail_recover
1+0 records in
1+0 records out
4 bytes (4B) copied, 0.008009 seconds, 499B/s
- init -
[    5.210000] ra2880stop()...Done
[    5.210000] eth1: ===> VirtualIF_close
[    5.220000] Free TX/RX Ring Memory!
init started: BusyBox v1.19.4 (2019-05-08 07:36:51 UTC)

Please press Enter to activate this console. rcS S boot: INFO: rc script run time limit to 65 seconds.
[    5.460000] find mtd name error crash_syslog
[    5.470000] MIWIFI crash syslog initialize skiped! Code=1
[    6.450000] Mirror/redirect action on
[    6.470000] u32 classifier
[    6.480000]     input device check on
[    6.480000]     Actions configured
[    6.660000] ip_gre: GRE over IPv4 tunneling driver
[    6.730000] xt_time: kernel timezone is +0800
[    6.830000] ip6_tables: (C) 2000-2006 Netfilter Core Team
[    7.130000] nf_nat_amanda: Unknown symbol nf_nat_amanda_hook (err 0)
[    7.270000] ip_set: protocol 6
[    7.370000] ipaccount: ifname [lo] event[5]
[    7.370000] ipaccount: ifname [ifb0] event[5]
[    7.380000] ipaccount: ifname [eth0] event[5]
[    7.380000] ipaccount: ifname [tunl0] event[5]
[    7.380000] ipaccount: ifname [eth1] event[5]
[    7.390000] ipaccount: ifname [gre0] event[5]
[    7.390000] ipaccount: ifname [gretap0] event[5]
[    7.410000] dev_redirect OFF.dev_redirect load success. 
[    8.020000] <-- RTMPAllocTxRxRingMemory, Status=0, ErrorValue=0x
[    8.020000] <-- RTMPAllocAdapterBlock, Status=0
[    8.030000] ipaccount: ifname [wl1] event[16]
[    8.030000] ipaccount: ifname [wl1] event[5]
[    8.640000] <-- RTMPAllocTxRxRingMemory, Status=0
[    8.650000] <-- RTMPAllocAdapterBlock, Status=0
[    8.660000] pAd->CSRBaseAddress =0xc0d00000, csr_addr=0xc0d00000!
[    8.660000] <dbg> MAC_CSR0=1986146304, RtmpChipOpsHook
[    8.670000] <dbg> dev idx = 1!
[    8.670000] <dbg> get_dev_config_idx pAd->MACVersion = 76623000, pAd->ChipID = 76120044
[    8.680000] ipaccount: ifname [wl0] event[16]
[    8.680000] ipaccount: ifname [wl0] event[5]
[    8.820000] ipaccount: ifname [eth0] event[11]
Wed May  8 09:47:50 CEST 2019 netconfig[805]: INFO: loading exist /etc/config/network.
Wed May  8 09:47:50 CEST 2019 netconfig[805]: config interface 'loopback'
Wed May  8 09:47:50 CEST 2019 netconfig[805]: option ifname 'lo'
Wed May  8 09:47:50 CEST 2019 netconfig[805]: option proto 'static'
Wed May  8 09:47:50 CEST 2019 netconfig[805]: option ipaddr '127.0.0.1'
Wed May  8 09:47:51 CEST 2019 netconfig[805]: option netmask '255.0.0.0'
Wed May  8 09:47:51 CEST 2019 netconfig[805]: config interface 'lan'
Wed May  8 09:47:51 CEST 2019 netconfig[805]: option ifname 'eth0'
Wed May  8 09:47:51 CEST 2019 netconfig[805]: option type 'bridge'
Wed May  8 09:47:51 CEST 2019 netconfig[805]: option proto 'static'
Wed May  8 09:47:51 CEST 2019 netconfig[805]: option ipaddr '192.168.31.1'
Wed May  8 09:47:51 CEST 2019 netconfig[805]: option netmask '255.255.255.0'
Wed May  8 09:47:51 CEST 2019 netconfig[805]: config interface 'wan'
Wed May  8 09:47:51 CEST 2019 netconfig[805]: option ifname 'eth1'
Wed May  8 09:47:51 CEST 2019 netconfig[805]: option proto 'dhcp'
Wed May  8 09:47:51 CEST 2019 netconfig[805]: config interface 'ifb'
Wed May  8 09:47:51 CEST 2019 netconfig[805]: option ifname 'ifb0'
Wed May  8 09:47:51 CEST 2019 netconfig[805]: config interface 'ready'
Wed May  8 09:47:51 CEST 2019 netconfig[805]: option proto 'static'
Wed May  8 09:47:51 CEST 2019 netconfig[805]: option ipaddr '169.254.29.1'
Wed May  8 09:47:51 CEST 2019 netconfig[805]: option netmask '255.255.255.0'
Wed May  8 09:47:51 CEST 2019 netconfig[805]: config interface 'openvpn'
Wed May  8 09:47:51 CEST 2019 netconfig[805]: option ifname 'tun0'
Wed May  8 09:47:51 CEST 2019 netconfig[805]: option proto 'openvpn'
[   11.170000] ipaccount: ifname [br-lan] event[16]
[   11.170000] ipaccount: ifname [br-lan] event[5]
[   11.180000] ipaccount: ifname [eth0] event[13]
[   11.180000] 50:FFFFFFD2:FFFFFFF5:20:FFFFFFC8: A
[   11.190000] Raeth v3.1 (Tasklet,SkbRecycle)
[   11.190000] set CLK_CFG_0 = 0x40a00020!!!!!!!!!!!!!!!!!!1
[   11.200000] phy_free_head is 0xc46000!!!
[   11.210000] phy_free_tail_phy is 0xc47ff0!!!
[   11.210000] txd_pool=a0c50000 phy_txd_pool=00C50000
[   11.220000] ei_local->skb_free start address is 0x874026dc.
[   11.220000] free_txd: 00c50010, ei_local->cpu_ptr: 00C50000
[   11.230000]  POOL  HEAD_PTR | DMA_PTR | CPU_PTR 
[   11.230000] ----------------+---------+--------
[   11.240000]      0xa0c50000 0x00C50000 0x00C50000
[   11.240000] 
[   11.240000] phy_qrx_ring = 0x00c45000, qrx_ring = 0xa0c45000
[   11.250000] 
[   11.250000] phy_rx_ring0 = 0x00c58000, rx_ring0 = 0xa0c58000
[   11.280000] MT7530 Reset Completed!!
[   11.290000] change HW-TRAP to 0x17c8f
[   11.300000] set LAN/WAN LLLLW
[   11.300000] GMAC1_MAC_ADRH -- : 0x000050d2
[   11.310000] GMAC1_MAC_ADRL -- : 0xf520c80a
[   11.310000] eth1: ===> VirtualIF_open
[   11.320000] MT7621 GE2 link rate to 1G
[   11.320000] CDMA_CSG_CFG = 81000000
[   11.320000] GDMA1_FWD_CFG = 20710000
[   11.320000] GDMA2_FWD_CFG = 20710000
[   11.320000] ipaccount: ifname [eth0] event[1]
[   11.320000] ipaccount: ifname [eth0] event[20]
[   11.320000] device eth0 entered promiscuous mode
[   11.320000] ipaccount: ifname [br-lan] event[11]
[   11.320000] ipaccount: ifname [br-lan] event[8]
[   11.320000] ipaccount: ifname [br-lan] event[8]
[   11.320000] ipaccount: ifname [br-lan] event[13]
[   11.320000] br-lan: port 1(eth0) entered forwarding state
[   11.320000] br-lan: port 1(eth0) entered forwarding state
[   11.320000] ipaccount: ifname [br-lan] event[1]
[   11.320000] ipaccount: ifname [ifb0] event[13]
[   11.320000] ipaccount: ifname [ifb0] event[1]
[   11.320000] ipaccount: ifname [lo] event[13]
[   11.320000] ipaccount: ifname [lo] event[1]
[   11.400000] ipaccount: ifname [eth1] event[13]
[   11.400000] eth1: ===> VirtualIF_open
[   11.410000] ipaccount: ifname [eth1] event[1]
[   12.180000] ipaccount: ifname [br-lan] event[4]
[   12.250000] ipaccount: ifname [wl1] event[13]
[   12.260000] pAd->ApBootFlag = TRUE
[   12.350000] efuse_probe: efuse = 10000002
[   12.530000] tssi_1_target_pwr_g_band = 34
[   13.320000] br-lan: port 1(eth0) entered forwarding state
[   15.190000] <==== rt28xx_init, Status=0
[   15.200000] ipaccount: ifname [wl2] event[16]
[   15.200000] ipaccount: ifname [wl2] event[5]
[   15.210000] ipaccount: ifname [wl3] event[16]
[   15.210000] ipaccount: ifname [wl3] event[5]
[   15.220000] ipaccount: ifname [apcli0] event[16]
[   15.220000] ipaccount: ifname [apcli0] event[5]
[   15.230000] pAd->ApBootFlag = FALSE
[   15.230000] ipaccount: ifname [wl1] event[1]
[   15.980000] ipaccount: ifname [wl1] event[20]
[   15.980000] device wl1 entered promiscuous mode
[   15.990000] br-lan: port 2(wl1) entered forwarding state
[   15.990000] br-lan: port 2(wl1) entered forwarding state
[   16.020000] ipaccount: ifname [wl2] event[13]
[   16.020000] ##### mbss_cr_enable, BssId = 1
[   16.030000] ipaccount: ifname [wl2] event[1]
[   17.190000] ipaccount: ifname [wl0] event[13]
[   17.190000] <dbg> MAC_CSR0=1986146304, rtmp_asic_top_init
[   17.230000] Set defult RDRegion value:  CountryCode=EU 11ÿ, RDRegion=0
[   17.440000] dev_redirect: add(+) dev redirect mapping: src:eth1->dst:ifb0
[   17.990000] br-lan: port 2(wl1) entered forwarding state
[   18.610000] <==== rt28xx_init, Status=0
[   18.610000] ipaccount: ifname [apclii0] event[16]
[   18.620000] ipaccount: ifname [apclii0] event[5]
[   18.620000] ipaccount: ifname [wl0] event[1]
[   19.330000] ipaccount: ifname [wl0] event[20]
[   19.340000] device wl0 entered promiscuous mode
[   19.340000] br-lan: port 3(wl0) entered forwarding state
[   19.350000] br-lan: port 3(wl0) entered forwarding state
[   21.350000] br-lan: port 3(wl0) entered forwarding state
[   22.650000] dev_redirect: add(+) dev redirect mapping: src:eth1->dst:ifb0
[   23.630000] Ralink HW NAT Module Enabled
[   23.640000] eth0 ifindex =3
[   23.640000] eth1 ifindex =5
[   23.640000] HNAT: switch HNAT ON.....
[   23.650000] *hwnat reg dev ******* set dev[lo]->ifindex = 1
[   23.650000] *hwnat reg dev ******* set dev[ifb0]->ifindex = 2
[   23.660000] *hwnat reg dev ******* set dev[tunl0]->ifindex = 4
[   23.660000] *hwnat reg dev ******* set dev[gre0]->ifindex = 6
[   23.670000] *hwnat reg dev ******* set dev[gretap0]->ifindex = 7
[   23.680000] *hwnat reg dev ******* set dev[wl1]->ifindex = 8
[   23.680000] *hwnat reg dev ******* set dev[wl0]->ifindex = 9
[   23.690000] *hwnat reg dev ******* set dev[br-lan]->ifindex = 10
[   23.690000] *hwnat reg dev ******* set dev[wl2]->ifindex = 11
[   23.700000] *hwnat reg dev ******* set dev[wl3]->ifindex = 12
[   23.710000] *hwnat reg dev ******* set dev[apcli0]->ifindex = 13
[   23.710000] *hwnat reg dev ******* set dev[apclii0]->ifindex = 14
[   23.770000] HNAT: switch HNAT ON.....
Wed May  8 09:48:06 CEST 2019 boot_check[3430]: INFO: Wireless OK
[   25.580000] ipaccount: refresh dev ifname to [eth0 wl0 wl1 wl3] 
[   25.590000] ipaccount: landev_init_all() add dev [eth0] is_wireless: 0.
[   25.600000] ipaccount: landev_init_all() add dev [wl0] is_wireless: 1.
[   25.600000] ipaccount: landev_init_all() add dev [wl1] is_wireless: 1.
[   25.610000] ipaccount: landev_init_all() add dev [wl3] is_wireless: 1.
[   28.490000] dev_redirect: add(+) dev redirect mapping: src:eth1->dst:ifb0
[   29.030000] dev_redirect OFF.rcS S boot: INFO: rcS S boot timing 26 seconds.
Wed May  8 09:48:12 CEST 2019 INFO: rcS S boot timing 26 seconds.
rcS S boot: system type(R4A/2): SQUASH/3
Wed May  8 09:48:12 CEST 2019 system type(R4A/2): SQUASH/3
rcS S boot: ROOTFS: /dev/root on / type squashfs (ro,relatime)
Wed May  8 09:48:12 CEST 2019 ROOTFS: /dev/root on / type squashfs (ro,relatime)
[   31.400000] led=10, on=1, off=4000, blinks,=1, reset=1, time=4000
[   31.410000] led=8, on=1, off=4000, blinks,=1, reset=1, time=4000
[   31.420000] led=10, on=1, off=4000, blinks,=1, reset=1, time=4000
[   31.430000] led=8, on=4000, off=1, blinks,=1, reset=1, time=4000
uci: Entry not found
